controllers/orderController.ts(164,29): error TS2339: Property '_id' does not exist on type 'Order[]'.
controllers/orderController.ts(168,37): error TS2339: Property '_id' does not exist on type 'Order[]'.
controllers/orderController.ts(177,15): error TS2339: Property 'partnerId' does not exist on type 'Order[]'.
controllers/orderController.ts(179,78): error TS2339: Property 'partnerId' does not exist on type 'Order[]'.
controllers/orderController.ts(182,15): error TS2339: Property 'status' does not exist on type 'Order[]'.
controllers/orderController.ts(183,15): error TS2339: Property 'timeline' does not exist on type 'Order[]'.
controllers/orderController.ts(186,32): error TS2339: Property 'customerId' does not exist on type 'Order[]'.
controllers/orderController.ts(186,121): error TS2339: Property '_id' does not exist on type 'Order[]'.
controllers/orderController.ts(189,48): error TS2345: Argument of type 'Order[]' is not assignable to parameter of type 'Order'.
  Type 'Order[]' is missing the following properties from type 'Order': _id, orderId, pickup, destination, and 30 more.
controllers/orderController.ts(194,92): error TS2339: Property 'packageType' does not exist on type 'Order[]'.
controllers/orderController.ts(198,46): error TS2345: Argument of type 'Order[]' is not assignable to parameter of type 'Order'.
  Type 'Order[]' is missing the following properties from type 'Order': _id, orderId, pickup, destination, and 30 more.
